[52.66.5.98/index.html]
[backblue.gif]
[fade.gif]
[index.html]
[52.66.5.98/feed/index.html]
[52.66.5.98/comments/feed/index.html]
[52.66.5.98/wp-includes/css/dist/block-library/style.min9dff.css]
[52.66.5.98/wp-includes/css/dist/block-library/theme.min9dff.css]
[52.66.5.98/wp-content/plugins/google-language-translator/css/style1eb7.css]
[52.66.5.98/wp-content/plugins/google-language-translator/css/A.toolbar.css,qver=6.0.3.pagespeed.cf.Nn8JN1agSk.css]
[52.66.5.98/wp-content/plugins/sp-news-and-widget/assets/css/stylenewsbc19.css]
[52.66.5.98/wp-content/themes/twentynineteen/stylead05.css]
[52.66.5.98/wp-content/plugins/elementor/assets/lib/eicons/css/elementor-icons.mindeba.css]
[52.66.5.98/wp-content/plugins/elementor/assets/lib/animations/animations.min4dc3.css]
[52.66.5.98/wp-content/plugins/elementor/assets/css/frontend.min4dc3.css]
[52.66.5.98/wp-content/uploads/elementor/css/global2c98.css]
[52.66.5.98/wp-content/plugins/elementor-pro/assets/css/frontend.min5bf8.css]
[52.66.5.98/wp-content/uploads/elementor/css/post-85313.css]
[cdn.jsdelivr.net/fontawesome/4.7.0/css/font-awesome.min1849.css]
[52.66.5.98/wp-content/plugins/elementor/assets/lib/font-awesome/css/fontawesome.minad76.css]
[52.66.5.98/wp-content/plugins/elementor/assets/lib/font-awesome/css/solid.minad76.css]
[52.66.5.98/wp-includes/js/jquery/jquery-migrate.min330a.js]
[52.66.5.98/wp-includes/js/jquery/jquery4a5f.js]
[52.66.5.98/wp-content/plugins/sp-news-and-widget/assets/js/jquery.newstapebc19.js]
[52.66.5.98/wp-content/plugins/sp-news-and-widget/assets/js/sp-news-publicbc19.js]
[52.66.5.98/xmlrpc0db0.php]
[52.66.5.98/wp-includes/wlwmanifest.xml]
[52.66.5.98/wp-json/index.html]
[52.66.5.98/wp-json/oembed/1.0/embedcdde.json]
[52.66.5.98/wp-json/oembed/1.0/embeddbce]
[52.66.5.98/wp-content/uploads/2019/12/cropped-167-32x32.png]
[52.66.5.98/wp-content/uploads/2019/12/cropped-167-192x192.png]
[52.66.5.98/wp-content/uploads/2019/12/cropped-167-180x180.png]
[52.66.5.98/wp-content/uploads/2019/12/167.png]
[52.66.5.98/wp-content/uploads/2019/12/Expec-x-e1576664161322.jpg]
[52.66.5.98/wp-content/uploads/2019/12/sec.jpg]
[52.66.5.98/wp-content/uploads/2019/12/WhatsApp-Image-2019-12-17-at-9.00.41-PM.jpg]
[52.66.5.98/wp-content/uploads/2019/12/WhatsApp-Image-2019-12-17-at-9.00.42-PM.jpg]
[52.66.5.98/wp-content/uploads/2019/12/WhatsApp-Image-2019-12-10-at-5.20.37-PM.jpg]
[52.66.5.98/wp-content/uploads/2019/12/WhatsApp-Image-2019-12-17-at-9.00.39-PM.jpg]
[52.66.5.98/wp-content/plugins/vertical-news-scroller/css/newsscrollcss9dff.css]
[52.66.5.98/wp-content/plugins/google-language-translator/js/scripts1eb7.js]
[translate.google.com/translate_a/element.29cd15.delayed]
[52.66.5.98/wp-includes/js/wp-embed.min9dff.js]
[52.66.5.98/wp-content/plugins/elementor-pro/assets/lib/smartmenus/jquery.smartmenus.minf269.js]
[52.66.5.98/wp-content/plugins/vertical-news-scroller/js/jvd5f7.js]
[52.66.5.98/wp-includes/js/imagesloaded.min55a0.js]
[52.66.5.98/wp-content/plugins/elementor/assets/lib/slick/slick.minc245.js]
[52.66.5.98/wp-content/plugins/elementor-pro/assets/lib/social-share/social-share.minddf8.js]
[52.66.5.98/wp-content/plugins/elementor-pro/assets/lib/sticky/jquery.sticky.min5bf8.js]
[52.66.5.98/wp-content/plugins/elementor-pro/assets/js/frontend.min5bf8.js]
[52.66.5.98/wp-content/plugins/elementor/assets/js/frontend-modules.min4dc3.js]
[52.66.5.98/wp-includes/js/jquery/ui/position.mine899.js]
[52.66.5.98/wp-content/plugins/elementor/assets/lib/dialog/dialog.minfe9d.js]
[52.66.5.98/wp-content/plugins/elementor/assets/lib/waypoints/waypoints.min05da.js]
[52.66.5.98/index.html]
[52.66.5.98/wp-includes/css/dist/block-library/style.min9dff.css]
[52.66.5.98/wp-includes/css/dist/block-library/theme.min9dff.css]
[52.66.5.98/wp-content/plugins/elementor/assets/js/frontend.min4dc3.js]
[52.66.5.98/wp-content/plugins/google-language-translator/images/flags22.png]
[52.66.5.98/wp-content/plugins/google-language-translator/images/flags20.png]
[52.66.5.98/wp-content/plugins/elementor/assets/lib/swiper/swiper.min4f24.js]
[52.66.5.98/wp-content/plugins/google-language-translator/images/flags18.png]
[52.66.5.98/wp-content/plugins/google-language-translator/images/flags16.png]
[52.66.5.98/wp-content/plugins/google-language-translator/images/flags.png]
[52.66.5.98/wp-content/plugins/google-language-translator/css/style1eb7.css]
[52.66.5.98/wp-content/plugins/google-language-translator/css/A.toolbar.css,qver=6.0.3.pagespeed.cf.Nn8JN1agSk.css]
[52.66.5.98/wp-content/plugins/sp-news-and-widget/assets/css/stylenewsbc19.css]
[52.66.5.98/wp-content/themes/twentynineteen/stylead05.css]
[52.66.5.98/wp-content/themes/twentynineteen/printad05.css]
[52.66.5.98/wp-content/plugins/elementor/assets/lib/eicons/fonts/eiconsdb5f.eot]
[52.66.5.98/wp-content/plugins/elementor/assets/lib/eicons/fonts/eiconsdb5f.woff2]
[52.66.5.98/wp-content/plugins/elementor/assets/lib/eicons/fonts/eiconsdb5f.woff]
[52.66.5.98/wp-content/plugins/elementor/assets/lib/eicons/fonts/eiconsdb5f.ttf]
[52.66.5.98/wp-content/plugins/elementor/assets/lib/eicons/css/elementor-icons.mindeba.css]
[52.66.5.98/wp-content/plugins/elementor/assets/lib/animations/animations.min4dc3.css]
[52.66.5.98/wp-content/plugins/elementor/assets/css/frontend.min4dc3.css]
[52.66.5.98/wp-content/plugins/elementor-pro/assets/css/frontend.min5bf8.css]
[52.66.5.98/wp-content/uploads/elementor/css/global2c98.css]
[52.66.5.98/wp-content/uploads/elementor/css/post-85313.css]
[cdn.jsdelivr.net/fontawesome/4.7.0/css/font-awesome.min1849.css]
[52.66.5.98/wp-content/plugins/elementor/assets/lib/font-awesome/css/fontawesome.minad76.css]
[52.66.5.98/wp-content/plugins/elementor/assets/lib/font-awesome/webfonts/fa-solid-900.eot]
[52.66.5.98/wp-content/plugins/elementor/assets/lib/font-awesome/webfonts/fa-solid-900.woff2]
[52.66.5.98/wp-content/plugins/elementor/assets/lib/font-awesome/webfonts/fa-solid-900d41d.eot]
[52.66.5.98/wp-content/plugins/elementor/assets/lib/font-awesome/webfonts/fa-solid-900.woff]
[52.66.5.98/wp-content/plugins/elementor/assets/lib/font-awesome/webfonts/fa-solid-900.ttf]
[52.66.5.98/wp-content/plugins/elementor/assets/lib/font-awesome/css/solid.minad76.css]
[52.66.5.98/wp-content/plugins/vertical-news-scroller/css/newsscrollcss9dff.css]
[translate.google.com/translate_a/elementcd15.html]
[52.66.5.98/wp-content/themes/twentynineteen/printad05.css]
[52.66.5.98/wp-content/plugins/elementor/assets/lib/eicons/fonts/eiconsdb5f.svg]
[52.66.5.98/wp-content/plugins/elementor/assets/lib/font-awesome/webfonts/fa-solid-900.svg]
[use.fontawesome.com/releases/v5.12.0/css/all.css]
[use.fontawesome.com/releases/v5.12.0/css/v4-shims.css]
[www.paypal.com/en_US/i/btn/btn_donateCC_LG.gif]
[www.paypal.com/en_US/i/scr/pixel.gif]
[13.127.26.162/wp-content/uploads/2019/12/Uber.png]
