[52.66.5.98/index.html]
[backblue.gif]
[fade.gif]
[index.html]
[52.66.5.98/wp-content/plugins/google-language-translator/css/style1eb7.css]
[52.66.5.98/comments/feed/index.html]
[52.66.5.98/feed/index.html]
[52.66.5.98/wp-content/plugins/google-language-translator/css/toolbar1eb7.css]
[52.66.5.98/wp-content/plugins/sp-news-and-widget/assets/css/stylenewsbc19.css]
[52.66.5.98/wp-content/themes/twentynineteen/stylead05.css]
[52.66.5.98/wp-content/themes/twentynineteen/printad05.css]
[52.66.5.98/wp-content/plugins/elementor/assets/lib/eicons/css/elementor-icons.mindeba.css]
[52.66.5.98/wp-content/uploads/elementor/css/global2c98.css]
[52.66.5.98/wp-content/uploads/elementor/css/A.post-8.css,qver=1576777073.pagespeed.cf.0D1A1vRdlY.css]
[52.66.5.98/wp-content/plugins/elementor/assets/lib/font-awesome/css/fontawesome.minad76.css]
[52.66.5.98/wp-content/plugins/elementor/assets/lib/font-awesome/css/solid.minad76.css]
[52.66.5.98/wp-content/uploads/2019/12/167.png]
[cdn.jsdelivr.net/fontawesome/4.7.0/css/font-awesome.min1849.css]
[52.66.5.98/wp-content/uploads/2019/12/Expec-x-e1576664161322.jpg]
[52.66.5.98/wp-includes/js/jquery/jquery.js,qver=1.12.4-wp.pagespeed.jm.gp20iU5FlU.js]
[52.66.5.98/wp-includes,_js,_jquery,_jquery-migrate.min.js,qver==1.4.1+wp-content,_plugins,_sp-news-and-widget,_assets,_js,_jquery.newstape.js,qver==4.2+wp-content,_plugins,_sp-news-and-widget,]
[52.66.5.98/wp-content/uploads/2019/12/sec.jpg]
[52.66.5.98/wp-content/uploads/2019/12/WhatsApp-Image-2019-12-17-at-9.00.41-PM.jpg]
[52.66.5.98/wp-content/uploads/2019/12/WhatsApp-Image-2019-12-17-at-9.00.42-PM.jpg]
[52.66.5.98/wp-includes/wlwmanifest.xml]
[52.66.5.98/xmlrpc0db0.php]
[52.66.5.98/wp-json/index.html]
[52.66.5.98/wp-json/oembed/1.0/embedcdde.json]
[52.66.5.98/wp-content/uploads/2019/12/WhatsApp-Image-2019-12-10-at-5.20.37-PM.jpg]
[52.66.5.98/wp-content/uploads/2019/12/cropped-167-32x32.png.pagespeed.ce.oeLFCS9qzA.png]
[52.66.5.98/wp-json/oembed/1.0/embeddbce]
[52.66.5.98/wp-content/uploads/2019/12/WhatsApp-Image-2019-12-17-at-9.00.39-PM.jpg]
[52.66.5.98/wp-content/uploads/2019/12/xcropped-167-192x192.png.pagespeed.ic.EO_6vRcv5K.png]
[52.66.5.98/wp-content/uploads/2019/12/xcropped-167-180x180.png.pagespeed.ic.wOPrYEyyhW.png]
[www.paypalobjects.com/en_US/i/scr/pixel.gif]
[52.66.5.98/wp-content/plugins/vertical-news-scroller/css/newsscrollcss9dff.css]
[translate.google.com/translate_a/element.1dcd15.delayed]
[52.66.5.98/wp-content/plugins/google-language-translator/js/scripts.js,qver=6.0.3.pagespeed.jm.5RfLLhH5cN.js]
[52.66.5.98/index.html]
[52.66.5.98/wp-includes/css/dist/block-library/style.min.css,qver=5.3.2.pagespeed.ce.nu3cUbC0ol.css]
[52.66.5.98/wp-content/plugins/elementor-pro/assets/lib/sticky/jquery.sticky.min.js,qver=2.2.5.pagespeed.ce.i0cpbbCKwg.js]
[52.66.5.98/wp-content,_plugins,_elementor-pro,_assets,_lib,_smartmenus,_jquery.smartmenus.min.js,qver==1.0.1+wp-content,_plugins,_vertical-news-scroller,_js,_jv.js,qver==2.0+wp-includes,_js,_i]
[52.66.5.98/wp-content/plugins/elementor-pro/assets/js/frontend.min.js,qver=2.2.5.pagespeed.jm.MCT1Bc9I_K.js]
[52.66.5.98/wp-content/plugins/google-language-translator/images/flags22.png]
[52.66.5.98/wp-content/plugins/elementor/assets/js/frontend-modules.min.js,qver=2.8.2.pagespeed.jm.HwoyqiX01q.js]
[52.66.5.98/wp-content/plugins/google-language-translator/images/flags20.21.delayed]
[52.66.5.98/wp-content/plugins/elementor/assets/lib/dialog/dialog.minfe9d.js]
[52.66.5.98/wp-includes/js/jquery/ui/position.mine899.js]
[52.66.5.98/wp-content/plugins/elementor/assets/lib/waypoints/waypoints.min.js,qver=4.0.2.pagespeed.ce.OBnDVp2nHa.js]
[52.66.5.98/wp-content/plugins/google-language-translator/images/flags18.png]
[52.66.5.98/wp-content/plugins/elementor/assets/lib/swiper/swiper.min.js,qver=4.4.6.pagespeed.jm.b6eRSjZRcI.js]
[52.66.5.98/wp-content/plugins/elementor/assets/js/frontend.min.js,qver=2.8.2.pagespeed.jm.72txA8WeDu.js]
[52.66.5.98/wp-content/plugins/google-language-translator/images/flags16.png]
[52.66.5.98/wp-content/plugins/google-language-translator/images/flags.png]
[52.66.5.98/wp-content/plugins/google-language-translator/css/style1eb7.css]
[52.66.5.98/wp-content/plugins/google-language-translator/css/toolbar1eb7.css]
[52.66.5.98/wp-content/plugins/sp-news-and-widget/assets/css/stylenewsbc19.css]
[52.66.5.98/wp-content/themes/twentynineteen/stylead05.css]
[52.66.5.98/wp-content/themes/twentynineteen/printad05.css]
[use.fontawesome.com/releases/v5.12.0/css/all.css]
[52.66.5.98/wp-content/plugins/elementor/assets/lib/eicons/css/elementor-icons.mindeba.css]
[52.66.5.98/wp-content/plugins/elementor/assets/lib/eicons/fonts/eiconsdb5f.woff]
[52.66.5.98/wp-content/plugins/elementor/assets/lib/eicons/fonts/eiconsdb5f.eot]
[52.66.5.98/wp-content/plugins/elementor/assets/lib/eicons/fonts/eiconsdb5f.woff2]
[52.66.5.98/wp-content/plugins/elementor/assets/lib/eicons/fonts/eiconsdb5f.ttf]
[52.66.5.98/wp-content/plugins/elementor/assets/lib/animations/animations.min.css,qver=2.8.2.pagespeed.ce.RgG6VQREE3.css]
[52.66.5.98/wp-content/plugins/elementor/assets/css/frontend.min.css,qver=2.8.2.pagespeed.ce.18shS0Z9Pm.css]
[52.66.5.98/wp-content/plugins/elementor-pro/assets/css/frontend.min.css,qver=2.2.5.pagespeed.ce.Cqh0RVlyQb.css]
[52.66.5.98/wp-content/uploads/elementor/css/global2c98.css]
[52.66.5.98/wp-content/uploads/2019/12/xUber.png.pagespeed.ic.rzyVWRKttJ.jpg]
[52.66.5.98/wp-content/uploads/elementor/css/A.post-8.css,qver=1576777073.pagespeed.cf.0D1A1vRdlY.css]
[cdn.jsdelivr.net/fontawesome/4.7.0/css/font-awesome.min1849.css]
[use.fontawesome.com/releases/v5.12.0/css/v4-shims.css]
[52.66.5.98/wp-content/plugins/elementor/assets/lib/font-awesome/css/fontawesome.minad76.css]
[52.66.5.98/wp-content/plugins/elementor/assets/lib/font-awesome/css/solid.minad76.css]
[52.66.5.98/wp-content/plugins/elementor/assets/lib/font-awesome/webfonts/fa-solid-900.eot]
[52.66.5.98/wp-content/plugins/elementor/assets/lib/font-awesome/webfonts/fa-solid-900d41d.eot]
[52.66.5.98/wp-content/plugins/elementor/assets/lib/font-awesome/webfonts/fa-solid-900.woff]
[52.66.5.98/wp-content/plugins/elementor/assets/lib/font-awesome/webfonts/fa-solid-900.woff2]
[www.paypalobjects.com/en_US/i/btn/btn_donateCC_LG.gif]
[52.66.5.98/wp-content/plugins/vertical-news-scroller/css/newsscrollcss9dff.css]
[translate.google.com/translate_a/elementcd15.html]
[52.66.5.98/wp-content/plugins/elementor/assets/lib/eicons/fonts/eiconsdb5f.svg]
[52.66.5.98/wp-content/plugins/elementor/assets/lib/font-awesome/webfonts/fa-solid-900.ttf]
[52.66.5.98/wp-content/plugins/elementor/assets/lib/font-awesome/webfonts/fa-solid-900.svg]
