[52.66.5.98/index.html]
[backblue.gif]
[fade.gif]
[index.html]
[52.66.5.98/wp-includes/css/dist/block-library/style.min.css,qver=5.3.2.pagespeed.ce.nu3cUbC0ol.css]
[52.66.5.98/feed/index.html]
[52.66.5.98/wp-content/plugins/google-language-translator/css/A.style.css,qver=6.0.3.pagespeed.cf.c9QKEck5A3.css]
[52.66.5.98/comments/feed/index.html]
[52.66.5.98/wp-content/plugins/sp-news-and-widget/assets/css/A.stylenews.css,qver=4.2.pagespeed.cf.9VV_Enr8VG.css]
[52.66.5.98/wp-content/themes/twentynineteen/A.style.css,qver=1.4.pagespeed.cf.8KpZ4tMKXP.css]
[52.66.5.98/wp-content/plugins/elementor/assets/lib/eicons/css/A.elementor-icons.min.css,qver=5.5.0.pagespeed.cf.t1QswRRtW1.css]
[use.fontawesome.com/releases/v5.12.0/css/all.css]
[52.66.5.98/wp-content/plugins/elementor/assets/lib/animations/animations.min.css,qver=2.8.2.pagespeed.ce.RgG6VQREE3.css]
[52.66.5.98/wp-content/plugins/elementor/assets/css/frontend.min.css,qver=2.8.2.pagespeed.ce.18shS0Z9Pm.css]
[52.66.5.98/wp-content/plugins/elementor-pro/assets/css/frontend.min.css,qver=2.2.5.pagespeed.ce.Cqh0RVlyQb.css]
[52.66.5.98/wp-content/uploads/elementor/css/A.global.css,qver=1576660314.pagespeed.cf.kbxQTW_JuE.css]
[52.66.5.98/wp-content/uploads/elementor/css/A.post-8.css,qver=1576771392.pagespeed.cf.Z-5QAmw3zi.css]
[cdn.jsdelivr.net/fontawesome/4.7.0/css/font-awesome.min1849.css]
[52.66.5.98/wp-content/plugins/elementor/assets/lib/font-awesome/css/A.fontawesome.min.css,qver=5.9.0.pagespeed.cf.rNWeQGtd2r.css]
[use.fontawesome.com/releases/v5.12.0/css/v4-shims.css]
[52.66.5.98/wp-content/plugins/elementor/assets/lib/font-awesome/webfonts/fa-solid-900.eot]
[52.66.5.98/wp-content/plugins/elementor/assets/lib/font-awesome/webfonts/fa-solid-900d41d.eot]
[52.66.5.98/wp-content/plugins/elementor/assets/lib/font-awesome/webfonts/fa-solid-900.woff2]
[52.66.5.98/wp-content/uploads/2019/12/cropped-167-32x32.png.pagespeed.ce.oeLFCS9qzA.png]
[52.66.5.98/wp-content/plugins/elementor/assets/lib/font-awesome/webfonts/fa-solid-900.woff]
[52.66.5.98/wp-content/uploads/2019/12/xcropped-167-192x192.png.pagespeed.ic.EO_6vRcv5K.png]
[52.66.5.98/wp-content/plugins/elementor/assets/lib/font-awesome/webfonts/fa-solid-900.ttf]
[52.66.5.98/wp-includes/js/jquery/jquery.js,qver=1.12.4-wp.pagespeed.jm.gp20iU5FlU.js]
[52.66.5.98/wp-content/uploads/2019/12/xcropped-167-180x180.png.pagespeed.ic.wOPrYEyyhW.png]
[52.66.5.98/wp-json/index.html]
[52.66.5.98/wp-includes,_js,_jquery,_jquery-migrate.min.js,qver==1.4.1+wp-content,_plugins,_sp-news-and-widget,_assets,_js,_jquery.newstape.js,qver==4.2+wp-content,_plugins,_sp-news-and-widget,]
[52.66.5.98/wp-content/uploads/2019/12/x167.png.pagespeed.ic.0po5n25_Jw.png]
[52.66.5.98/wp-includes/wlwmanifest.xml]
[52.66.5.98/xmlrpc0db0.php]
[52.66.5.98/wp-json/oembed/1.0/embedcdde.json]
[52.66.5.98/wp-json/oembed/1.0/embeddbce]
[52.66.5.98/wp-content/uploads/2019/12/xExpec-x-e1576664161322.jpg.pagespeed.ic.Xkw7xUKoso.jpg]
[52.66.5.98/wp-content/uploads/2019/12/xsec.jpeg.pagespeed.ic.fL_Mm8XXyW.jpg]
[52.66.5.98/wp-content/uploads/2019/12/xWhatsApp-Image-2019-12-17-at-9.00.41-PM.jpeg.pagespeed.ic.YWMzHf0-0P.jpg]
[52.66.5.98/wp-content/uploads/2019/12/xWhatsApp-Image-2019-12-17-at-9.00.42-PM.jpeg.pagespeed.ic.7VlSwBE8kU.jpg]
[52.66.5.98/wp-content/uploads/2019/12/xWhatsApp-Image-2019-12-10-at-5.20.37-PM.jpeg.pagespeed.ic.N83Pajs4gD.jpg]
[52.66.5.98/wp-content/uploads/2019/12/xWhatsApp-Image-2019-12-17-at-9.00.39-PM.jpeg.pagespeed.ic.lFBu8hu9sV.jpg]
[www.paypalobjects.com/en_US/i/btn/btn_donateCC_LG.gif]
[52.66.5.98/wp-content/plugins/google-language-translator/js/scripts.js,qver=6.0.3.pagespeed.jm.5RfLLhH5cN.js]
[translate.google.com/translate_a/element.24cd15.delayed]
[52.66.5.98/wp-content/plugins/elementor-pro/assets/lib/sticky/jquery.sticky.min.js,qver=2.2.5.pagespeed.ce.i0cpbbCKwg.js]
[52.66.5.98/wp-content,_plugins,_elementor-pro,_assets,_lib,_smartmenus,_jquery.smartmenus.min.js,qver==1.0.1+wp-content,_plugins,_vertical-news-scroller,_js,_jv.js,qver==2.0+wp-includes,_js,_i]
[52.66.5.98/wp-content/plugins/elementor-pro/assets/js/frontend.min.js,qver=2.2.5.pagespeed.jm.MCT1Bc9I_K.js]
[52.66.5.98/wp-includes/js/jquery/ui/position.mine899.js]
[52.66.5.98/wp-content/plugins/elementor/assets/lib/dialog/dialog.minfe9d.js]
[52.66.5.98/wp-content/plugins/elementor/assets/lib/waypoints/waypoints.min.js,qver=4.0.2.pagespeed.ce.OBnDVp2nHa.js]
[52.66.5.98/wp-content/plugins/elementor/assets/js/frontend-modules.min.js,qver=2.8.2.pagespeed.jm.HwoyqiX01q.js]
[52.66.5.98/index.html]
[52.66.5.98/wp-includes/css/dist/block-library/style.min.css,qver=5.3.2.pagespeed.ce.nu3cUbC0ol.css]
[52.66.5.98/wp-content/plugins/google-language-translator/images/xflags22.png.pagespeed.ic.w6T5PqjHJo.png]
[52.66.5.98/wp-content/plugins/google-language-translator/css/A.style.css,qver=6.0.3.pagespeed.cf.c9QKEck5A3.css]
[52.66.5.98/wp-content/plugins/google-language-translator/css/A.toolbar.css,qver=6.0.3.pagespeed.cf.Nn8JN1agSk.css]
[52.66.5.98/wp-content/plugins/sp-news-and-widget/assets/css/A.stylenews.css,qver=4.2.pagespeed.cf.9VV_Enr8VG.css]
[52.66.5.98/wp-content/themes/twentynineteen/A.style.css,qver=1.4.pagespeed.cf.8KpZ4tMKXP.css]
[52.66.5.98/wp-content/themes/twentynineteen/A.print.css,qver=1.4.pagespeed.cf.cJxSsWHbdG.css]
[use.fontawesome.com/releases/v5.12.0/css/all.css]
[52.66.5.98/wp-content/plugins/elementor/assets/lib/eicons/css/A.elementor-icons.min.css,qver=5.5.0.pagespeed.cf.t1QswRRtW1.css]
[52.66.5.98/wp-content/plugins/elementor/assets/lib/eicons/fonts/eiconsdb5f.eot]
[52.66.5.98/wp-content/plugins/elementor/assets/lib/animations/animations.min.css,qver=2.8.2.pagespeed.ce.RgG6VQREE3.css]
[52.66.5.98/wp-content/plugins/elementor/assets/lib/swiper/swiper.min.js,qver=4.4.6.pagespeed.jm.b6eRSjZRcI.js]
[52.66.5.98/wp-content/plugins/elementor/assets/lib/eicons/fonts/eiconsdb5f.woff2]
[52.66.5.98/wp-content/plugins/elementor/assets/js/frontend.min.js,qver=2.8.2.pagespeed.jm.72txA8WeDu.js]
[52.66.5.98/wp-content/plugins/elementor/assets/css/frontend.min.css,qver=2.8.2.pagespeed.ce.18shS0Z9Pm.css]
[52.66.5.98/wp-content/plugins/elementor/assets/lib/eicons/fonts/eiconsdb5f.woff]
[52.66.5.98/wp-content/plugins/elementor/assets/lib/eicons/fonts/eiconsdb5f.ttf]
[52.66.5.98/wp-content/plugins/elementor-pro/assets/css/frontend.min.css,qver=2.2.5.pagespeed.ce.Cqh0RVlyQb.css]
[52.66.5.98/wp-content/uploads/elementor/css/A.global.css,qver=1576660314.pagespeed.cf.kbxQTW_JuE.css]
[52.66.5.98/wp-content/uploads/elementor/css/A.post-8.css,qver=1576771392.pagespeed.cf.Z-5QAmw3zi.css]
[cdn.jsdelivr.net/fontawesome/4.7.0/css/font-awesome.min1849.css]
[use.fontawesome.com/releases/v5.12.0/css/v4-shims.css]
[52.66.5.98/wp-content/plugins/elementor/assets/lib/font-awesome/css/A.fontawesome.min.css,qver=5.9.0.pagespeed.cf.rNWeQGtd2r.css]
[52.66.5.98/wp-content/plugins/elementor/assets/lib/font-awesome/webfonts/fa-solid-900.svg]
[translate.google.com/translate_a/elementcd15.html]
[52.66.5.98/wp-content/themes/twentynineteen/A.print.css,qver=1.4.pagespeed.cf.cJxSsWHbdG.css]
[52.66.5.98/wp-content/plugins/elementor/assets/lib/eicons/fonts/eiconsdb5f.svg]
[13.127.26.162/wp-content/uploads/2019/12/Uber.png]
